{
  "name": "GitHubTesting4",
  "full_name": "krpssbqd/GitHubTesting4",
  "private": true,
  "owner": {
    "login": "krpssbqd",
    "id": 208774742,
    "node_id": "U_kgDODHGmVg",
    "avatar_url": "https://avatars.githubusercontent.com/u/208774742?v=4",
    "gravatar_id": "",
    "url": "https://api.github.com/users/krpssbqd",
    "html_url": "https://github.com/krpssbqd",
    "followers_url": "https://api.github.com/users/krpssbqd/followers",
    "following_url": "https://api.github.com/users/krpssbqd/following{/other_user}",
    "gists_url": "https://api.github.com/users/krpssbqd/gists{/gist_id}",
    "starred_url": "https://api.github.com/users/krpssbqd/starred{/owner}{/repo}",
    "subscriptions_url": "https://api.github.com/users/krpssbqd/subscriptions",
    "organizations_url": "https://api.github.com/users/krpssbqd/orgs",
    "repos_url": "https://api.github.com/users/krpssbqd/repos",
    "events_url": "https://api.github.com/users/krpssbqd/events{/privacy}",
    "received_events_url": "https://api.github.com/users/krpssbqd/received_events",
    "type": "User",
    "user_view_type": "public",
    "site_admin": false
  },
  "html_url": "https://github.com/krpssbqd/GitHubTesting4",
  "description": "Repository created via API test",
  "fork": false,
  "url": "https://api.github.com/repos/krpssbqd/GitHubTesting4",
  "forks_url": "https://api.github.com/repos/krpssbqd/GitHubTesting4/forks",
  "keys_url": "https://api.github.com/repos/krpssbqd/GitHubTesting4/keys{/key_id}",
  "collaborators_url": "https://api.github.com/repos/krpssbqd/GitHubTesting4/collaborators{/collaborator}",
  "teams_url": "https://api.github.com/repos/krpssbqd/GitHubTesting4/teams",
  "hooks_url": "https://api.github.com/repos/krpssbqd/GitHubTesting4/hooks",
  "issue_events_url": "https://api.github.com/repos/krpssbqd/GitHubTesting4/issues/events{/number}",
  "events_url": "https://api.github.com/repos/krpssbqd/GitHubTesting4/events",
  "assignees_url": "https://api.github.com/repos/krpssbqd/GitHubTesting4/assignees{/user}",
  "branches_url": "https://api.github.com/repos/krpssbqd/GitHubTesting4/branches{/branch}",
  "tags_url": "https://api.github.com/repos/krpssbqd/GitHubTesting4/tags",
  "blobs_url": "https://api.github.com/repos/krpssbqd/GitHubTesting4/git/blobs{/sha}",
  "git_tags_url": "https://api.github.com/repos/krpssbqd/GitHubTesting4/git/tags{/sha}",
  "git_refs_url": "https://api.github.com/repos/krpssbqd/GitHubTesting4/git/refs{/sha}",
  "trees_url": "https://api.github.com/repos/krpssbqd/GitHubTesting4/git/trees{/sha}",
  "statuses_url": "https://api.github.com/repos/krpssbqd/GitHubTesting4/statuses/{sha}",
  "languages_url": "https://api.github.com/repos/krpssbqd/GitHubTesting4/languages",
  "stargazers_url": "https://api.github.com/repos/krpssbqd/GitHubTesting4/stargazers",
  "contributors_url": "https://api.github.com/repos/krpssbqd/GitHubTesting4/contributors",
  "subscribers_url": "https://api.github.com/repos/krpssbqd/GitHubTesting4/subscribers",
  "subscription_url": "https://api.github.com/repos/krpssbqd/GitHubTesting4/subscription",
  "commits_url": "https://api.github.com/repos/krpssbqd/GitHubTesting4/commits{/sha}",
  "git_commits_url": "https://api.github.com/repos/krpssbqd/GitHubTesting4/git/commits{/sha}",
  "comments_url": "https://api.github.com/repos/krpssbqd/GitHubTesting4/comments{/number}",
  "issue_comment_url": "https://api.github.com/repos/krpssbqd/GitHubTesting4/issues/comments{/number}",
  "contents_url": "https://api.github.com/repos/krpssbqd/GitHubTesting4/contents/{+path}",
  "compare_url": "https://api.github.com/repos/krpssbqd/GitHubTesting4/compare/{base}...{head}",
  "merges_url": "https://api.github.com/repos/krpssbqd/GitHubTesting4/merges",
  "archive_url": "https://api.github.com/repos/krpssbqd/GitHubTesting4/{archive_format}{/ref}",
  "downloads_url": "https://api.github.com/repos/krpssbqd/GitHubTesting4/downloads",
  "issues_url": "https://api.github.com/repos/krpssbqd/GitHubTesting4/issues{/number}",
  "pulls_url": "https://api.github.com/repos/krpssbqd/GitHubTesting4/pulls{/number}",
  "milestones_url": "https://api.github.com/repos/krpssbqd/GitHubTesting4/milestones{/number}",
  "notifications_url": "https://api.github.com/repos/krpssbqd/GitHubTesting4/notifications{?since,all,participating}",
  "labels_url": "https://api.github.com/repos/krpssbqd/GitHubTesting4/labels{/name}",
  "releases_url": "https://api.github.com/repos/krpssbqd/GitHubTesting4/releases{/id}",
  "deployments_url": "https://api.github.com/repos/krpssbqd/GitHubTesting4/deployments",
  "git_url": "git://github.com/krpssbqd/GitHubTesting4.git",
  "ssh_url": "git@github.com:krpssbqd/GitHubTesting4.git",
  "clone_url": "https://github.com/krpssbqd/GitHubTesting4.git",
  "svn_url": "https://github.com/krpssbqd/GitHubTesting4",
  "homepage": null,
  "size": 0,
  "stargazers_count": 0,
  "watchers_count": 0,
  "language": null,
  "has_issues": true,
  "has_projects": true,
  "has_downloads": true,
  "has_wiki": false,
  "has_pages": false,
  "has_discussions": false,
  "forks_count": 0,
  "mirror_url": null,
  "archived": false,
  "disabled": false,
  "open_issues_count": 0,
  "license": null,
  "allow_forking": true,
  "is_template": false,
  "web_commit_signoff_required": false,
  "topics": [
  ],
  "visibility": "private",
  "forks": 0,
  "open_issues": 0,
  "watchers": 0,
  "default_branch": "main",
  "permissions": {
    "admin": true,
    "maintain": true,
    "push": true,
    "triage": true,
    "pull": true
  },
  "allow_squash_merge": true,
  "allow_merge_commit": true,
  "allow_rebase_merge": true,
  "allow_auto_merge": false,
  "delete_branch_on_merge": false,
  "allow_update_branch": false,
  "use_squash_pr_title_as_default": false,
  "squash_merge_commit_message": "COMMIT_MESSAGES",
  "squash_merge_commit_title": "COMMIT_OR_PR_TITLE",
  "merge_commit_message": "PR_TITLE",
  "merge_commit_title": "MERGE_MESSAGE",
  "network_count": 0,
  "subscribers_count": 1
}